Omaha_Cal_Info_CP01CNSM_00001_mod.xlsx
Omaha_Cal_Info_CP01CNSM_00002_mod.xlsx
    - MooringsSheetParser: EDEX - Unable to parse lon/lat/depth [-70.7789][40.1339][135] for mooring CP01CNSM-00002 (no degree symbol)
    - Missing on some rows: Sensor Serial Number, Sensor OOIBARCODE
Omaha_Cal_Info_CP01CNSM_00003_mod.xlsx
    - Unable to parse lon/lat/depth [-70.7712833333][40.1402166667][135] for mooring CP01CNSM-00003
Omaha_Cal_Info_CP01CNSM_00004_mod.xlsx
    - Bad Mooring OOIBARCODE row 203
Omaha_Cal_Info_CP01CNSP_00001_mod.xlsx
    - MooringsSheetParser: EDEX - Date/Time [7-May-15 ] is not valid for mooring CP01CNSP-00001. (NOTE: Achor Launch Time is required)
    - MooringsSheetParser: EDEX - lon/lat/depth [][][] failed validity checks for mooring CP01CNSP-00001
    - SpreadsheetParser: EDEX - No sheet titled Asset_Cal_Info was found in the workbook.
Omaha_Cal_Info_CP01CNSP_00002_mod.xlsx
    - MooringsSheetParser: EDEX - Date/Time [8-May-15 ] is not valid for mooring CP01CNSP-00002. (NOTE: Achor Launch Time is required)
    - MooringsSheetParser: EDEX - lon/lat/depth [][][] failed validity checks for mooring CP01CNSP-00002
    - SpreadsheetParser: EDEX - No sheet titled Asset_Cal_Info was found in the workbook.
Omaha_Cal_Info_CP01CNSP_00003_mod.xlsx
    - MooringsSheetParser: EDEX - Date/Time [13-May-15 ] is not valid for mooring CP01CNSP-00003. (NOTE: Achor Launch Time is required)
    - MooringsSheetParser: EDEX - lon/lat/depth [][][] failed validity checks for mooring CP01CNSP-00003
    - SpreadsheetParser: EDEX - No sheet titled Asset_Cal_Info was found in the workbook.

Omaha_Cal_Info_CP01CNSP_00004_mod.xlsx
Omaha_Cal_Info_CP02PMCI_00001_mod.xlsx
Omaha_Cal_Info_CP02PMCI_00002_mod.xlsx
Omaha_Cal_Info_CP02PMCI_00003_mod.xlsx
Omaha_Cal_Info_CP02PMCI_00004_mod.xlsx
Omaha_Cal_Info_CP02PMCO_00001_mod.xlsx
Omaha_Cal_Info_CP02PMCO_00002_mod.xlsx
Omaha_Cal_Info_CP02PMCO_00003_mod.xlsx
Omaha_Cal_Info_CP02PMCO_00005_mod.xlsx
Omaha_Cal_Info_CP02PMUI_00001_mod.xlsx
Omaha_Cal_Info_CP02PMUI_00002_mod.xlsx
Omaha_Cal_Info_CP02PMUI_00003_mod.xlsx
Omaha_Cal_Info_CP02PMUI_00004_mod.xlsx
Omaha_Cal_Info_CP02PMUI_00005_mod.xlsx
Omaha_Cal_Info_CP02PMUI_00006_mod.xlsx
Omaha_Cal_Info_CP02PMUO_00001_mod.xlsx
Omaha_Cal_Info_CP02PMUO_00002_mod.xlsx
Omaha_Cal_Info_CP02PMUO_00003_mod.xlsx
Omaha_Cal_Info_CP02PMUO_00004_mod.xlsx
Omaha_Cal_Info_CP02PMUO_00005_mod.xlsx
Omaha_Cal_Info_CP02PMUO_00006_mod.xlsx
Omaha_Cal_Info_CP03ISSM_00001_mod.xlsx
Omaha_Cal_Info_CP03ISSM_00002_mod.xlsx
Omaha_Cal_Info_CP03ISSM_00003_mod.xlsx
Omaha_Cal_Info_CP03ISSP_00001_mod.xlsx
Omaha_Cal_Info_CP03ISSP_00002_mod.xlsx
Omaha_Cal_Info_CP03ISSP_00003_mod.xlsx
Omaha_Cal_Info_CP04OSPM_00001_mod.xlsx
Omaha_Cal_Info_CP04OSPM_00002_mod.xlsx
Omaha_Cal_Info_CP04OSPM_00003_mod.xlsx
Omaha_Cal_Info_CP04OSPM_00004_mod.xlsx
Omaha_Cal_Info_CP04OSSM_00001_mod.xlsx
Omaha_Cal_Info_CP04OSSM_00002_mod.xlsx
Omaha_Cal_Info_CP04OSSM_00003_mod.xlsx
Omaha_Cal_Info_CP05MOAS-GL335_00001_mod.xlsx
Omaha_Cal_Info_CP05MOAS-GL335_00002_mod.xlsx
Omaha_Cal_Info_CP05MOAS-GL336_00001_mod.xlsx
Omaha_Cal_Info_CP05MOAS-GL339_00001_mod.xlsx
Omaha_Cal_Info_CP05MOAS-GL340_00001_mod.xlsx
Omaha_Cal_Info_CP05MOAS-GL340_00002_mod.xlsx
Omaha_Cal_Info_CP05MOAS-GL374_00001_mod.xlsx
Omaha_Cal_Info_CP05MOAS-GL374_00002_mod.xlsx
Omaha_Cal_Info_CP05MOAS-GL375_00001_mod.xlsx
Omaha_Cal_Info_CP05MOAS-GL376_00001_mod.xlsx
Omaha_Cal_Info_CP05MOAS-GL376_00002_mod.xlsx
Omaha_Cal_Info_CP05MOAS-GL376_00003_mod.xlsx
Omaha_Cal_Info_CP05MOAS-GL379_00001_mod.xlsx
Omaha_Cal_Info_CP05MOAS-GL379_00002_mod.xlsx
Omaha_Cal_Info_CP05MOAS-GL380_00001_mod.xlsx
Omaha_Cal_Info_CP05MOAS-GL380_00002_mod.xlsx
Omaha_Cal_Info_CP05MOAS-GL387_00001_mod.xlsx
Omaha_Cal_Info_CP05MOAS-GL387_00002_mod.xlsx
Omaha_Cal_Info_CP05MOAS-GL387_00003_mod.xlsx
Omaha_Cal_Info_CP05MOAS-GL388_00001_mod.xlsx
Omaha_Cal_Info_CP05MOAS-GL388_00002_mod.xlsx
Omaha_Cal_Info_CP05MOAS-GL388_00003_mod.xlsx
Omaha_Cal_Info_CP05MOAS-GL389_00001_mod.xlsx
Omaha_Cal_Info_CP05MOAS-GL389_00002_mod.xlsx
